// Jest Snapshot v1, https://goo.gl/fbAQLP

exports[`Button with states rendering properly 1`] = `
.c0 {
  display: -webkit-box;
  display: -webkit-flex;
  display: -ms-flexbox;
  display: flex;
  -webkit-flex-basis: 200px;
  -ms-flex-preferred-size: 200px;
  flex-basis: 200px;
  -webkit-box-pack: center;
  -webkit-justify-content: center;
  -ms-flex-pack: center;
  justify-content: center;
  color: #fff;
  background-color: #1e3246;
  border: solid #1e3246;
  padding: 5px;
  border-radius: 20px;
}

.c0:hover {
  -webkit-filter: brightness(150%);
  filter: brightness(150%);
}

.c0:active {
  -webkit-filter: brightness(200%);
  filter: brightness(200%);
  border-color: currentColor;
}

<button
  className="c0"
/>
`;
