// Jest Snapshot v1, https://goo.gl/fbAQLP

exports[`FormInput component rendering properly 1`] = `
.c0 {
  display: -webkit-box;
  display: -webkit-flex;
  display: -ms-flexbox;
  display: flex;
  gap: 0.5rem;
  -webkit-align-items: center;
  -webkit-box-align: center;
  -ms-flex-align: center;
  align-items: center;
  -webkit-box-pack: justify;
  -webkit-justify-content: space-between;
  -ms-flex-pack: justify;
  justify-content: space-between;
}

.c2 {
  min-width: 16rem;
  border: solid 1px #1e3246;
  border-radius: 5px;
  padding: 5px;
}

.c2:invalid {
  background-color: beige;
}

.c2:disabled {
  background-color: #ddd;
}

.c1 {
  text-align: right;
}

@media (max-width:480px) {
  .c0 {
    -webkit-flex-direction: column;
    -ms-flex-direction: column;
    flex-direction: column;
    -webkit-box-pack: center;
    -webkit-justify-content: center;
    -ms-flex-pack: center;
    justify-content: center;
    gap: 0.25rem;
  }
}

@media (max-width:480px) {
  .c2 {
    width: 100%;
  }
}

@media (max-width:480px) {
  .c1 {
    -webkit-align-self: flex-start;
    -ms-flex-item-align: start;
    align-self: flex-start;
  }
}

<div
  className="c0"
>
  <label
    className="c1"
  />
  <input
    className="c2"
  />
</div>
`;
