// Jest Snapshot v1, https://goo.gl/fbAQLP

exports[`FormInput component rendering properly with styles 1`] = `
.c0 {
  display: flex;
  gap: 0.5rem;
  align-items: center;
  justify-content: space-between;
}

.c2 {
  vertical-align: sub;
  font-size: 0.7em;
  margin-right: 0.15em;
}

.c1 {
  text-align: right;
}

.c3 {
  border: solid 1px #1e3246;
  border-radius: 5px;
  padding: 5px;
}

.c3:invalid {
  background-color: beige;
}

.c3:disabled {
  background-color: #ddd;
}

@media (max-width: 480px) {
  .c0 {
    flex-direction: column;
    justify-content: center;
    gap: 0.25rem;
  }
}

@media (max-width: 480px) {
  .c1 {
    align-self: flex-start;
  }
}

@media (max-width: 480px) {
  .c3 {
    width: 100%;
  }
}

<div
  className="c0"
>
  <label
    className="c1"
  >
    <label
      htmlFor=""
    >
      <span
        className="c2"
      />
    </label>
  </label>
  <input
    className="c3"
    id=""
    name=""
    onChange={[Function]}
    required={true}
    type="number"
    value=""
  />
</div>
`;
