// Jest Snapshot v1, https://goo.gl/fbAQLP

exports[`ResultField component rendering properly 1`] = `
.c0 {
  display: flex;
  gap: 0.5rem;
  align-items: center;
  justify-content: space-between;
}

.c1 {
  text-align: right;
}

.c2 {
  border: solid 1px #1e3246;
  border-radius: 5px;
  padding: 5px;
}

.c2:invalid {
  background-color: beige;
}

.c2:disabled {
  background-color: #ddd;
}

@media (max-width: 480px) {
  .c0 {
    flex-direction: column;
    justify-content: center;
    gap: 0.25rem;
  }
}

@media (max-width: 480px) {
  .c1 {
    align-self: flex-start;
  }
}

@media (max-width: 480px) {
  .c2 {
    width: 100%;
  }
}

<div
  className="c0"
>
  <label
    className="c1"
  />
  <input
    className="c2"
  />
</div>
`;
