// Jest Snapshot v1, https://goo.gl/fbAQLP

exports[`Link with states rendering properly 1`] = `
.c0 {
  color: inherit;
}

.c0:hover {
  color: crimson;
  border-bottom: 1px solid currentColor;
  padding-bottom: 4px;
}

<a
  className="c0"
  href="#"
/>
`;
