// Jest Snapshot v1, https://goo.gl/fbAQLP

exports[`Text sub rendered properly 1`] = `
.c0 {
  vertical-align: sub;
  font-size: 0.7em;
  margin-right: 0.15em;
}

<span
  className="c0"
/>
`;
